Change Physical Footprint: Designator=+ Sig Old Footprint=156120VS75000 New Footprint=156120VS75000
Change Physical Footprint: Designator=- Sig Old Footprint=156120VS75000 New Footprint=156120VS75000
Change Physical Footprint: Designator=C1 Old Footprint=CAPC3216X94N New Footprint=CAPC3216X94N
Change Physical Footprint: Designator=C2 Old Footprint=CAPC3216X94N New Footprint=CAPC3216X94N
Change Physical Footprint: Designator=C3 Old Footprint=GRM31x New Footprint=GRM31x
Change Physical Footprint: Designator=C4 Old Footprint=CAPC3216X180N New Footprint=CAPC3216X180N
Change Physical Footprint: Designator=C5 Old Footprint=CAPC3216X94N New Footprint=CAPC3216X94N
Change Physical Footprint: Designator=C6 Old Footprint=CAPC3216X94N New Footprint=CAPC3216X94N
Change Physical Footprint: Designator=C7 Old Footprint=CAPC3216X94N New Footprint=CAPC3216X94N
Change Physical Footprint: Designator=C8 Old Footprint=CAPC3216X94N New Footprint=CAPC3216X94N
Change Physical Footprint: Designator=C9 Old Footprint=CAPC3216X94N New Footprint=CAPC3216X94N
Change Physical Footprint: Designator=C10 Old Footprint=CAPC3216X94N New Footprint=CAPC3216X94N
Change Physical Footprint: Designator=C11 Old Footprint=CAPC3216X94N New Footprint=CAPC3216X94N
Change Physical Footprint: Designator=C12 Old Footprint=CAPC3216X180N New Footprint=CAPC3216X180N
Change Physical Footprint: Designator=C13 Old Footprint=CAPC3216X94N New Footprint=CAPC3216X94N
Change Physical Footprint: Designator=C14 Old Footprint=CAPC3216X180N New Footprint=CAPC3216X180N
Change Physical Footprint: Designator=C15 Old Footprint=CAPC3216X180N New Footprint=CAPC3216X180N
Change Physical Footprint: Designator=C16 Old Footprint=CAPC3216X180N New Footprint=CAPC3216X180N
Change Physical Footprint: Designator=C17 Old Footprint=CAPC3216X94N New Footprint=CAPC3216X94N
Change Physical Footprint: Designator=C18 Old Footprint=CAPC3216X180N New Footprint=CAPC3216X180N
Change Physical Footprint: Designator=C19 Old Footprint=CAPC3216X229N New Footprint=CAPC3216X229N
Change Physical Footprint: Designator=C20 Old Footprint=CAPC3216X94N New Footprint=CAPC3216X94N
Change Physical Footprint: Designator=C21 Old Footprint=CAPC3216X94N New Footprint=CAPC3216X94N
Change Physical Footprint: Designator=C22 Old Footprint=CAPC3216X94N New Footprint=CAPC3216X94N
Change Physical Footprint: Designator=D1 Old Footprint=DIOM5426X300N New Footprint=DIOM5426X300N
Change Physical Footprint: Designator=D2 Old Footprint=DIOM5426X300N New Footprint=DIOM5426X300N
Change Physical Footprint: Designator=D3 Old Footprint=DIOM5426X300N New Footprint=DIOM5426X300N
Change Physical Footprint: Designator=F1 Old Footprint=0ADKP0500-RE New Footprint=0ADKP0500-RE
Change Physical Footprint: Designator=F2 Old Footprint=0ADKP0500-RE New Footprint=0ADKP0500-RE
Change Physical Footprint: Designator=IC2 Old Footprint=SOIC127P600X170-9N New Footprint=SOIC127P600X170-9N
Change Physical Footprint: Designator=IC3 Old Footprint=QFP50P1200X1200X160-64N New Footprint=QFP50P1200X1200X160-64N
Change Physical Footprint: Designator=IC4 Old Footprint=SOT127P706X180-6N New Footprint=SOT127P706X180-6N
Change Physical Footprint: Designator=IC5 Old Footprint=SOP50P490X110-10N New Footprint=SOP50P490X110-10N
Change Physical Footprint: Designator=IC6 Old Footprint=SOIC127P600X175-8N New Footprint=SOIC127P600X175-8N
Change Physical Footprint: Designator=ICLED1 Old Footprint=SOT96P240X110-3N New Footprint=SOT96P240X110-3N
Change Physical Footprint: Designator=ICLED2 Old Footprint=SOT96P240X110-3N New Footprint=SOT96P240X110-3N
Change Physical Footprint: Designator=ICLED3 Old Footprint=SOT96P240X110-3N New Footprint=SOT96P240X110-3N
Change Physical Footprint: Designator=J1 Old Footprint=18772852 New Footprint=18772852
Change Physical Footprint: Designator=J2 Old Footprint=18772854 New Footprint=18772854
Change Physical Footprint: Designator=J3 Old Footprint=18772852 New Footprint=18772852
Change Physical Footprint: Designator=J4 Old Footprint=18772852 New Footprint=18772852
Change Physical Footprint: Designator=J5 Old Footprint=18772852 New Footprint=18772852
Change Physical Footprint: Designator=J6 Old Footprint=18772852 New Footprint=18772852
Change Physical Footprint: Designator=J7 Old Footprint=18772852 New Footprint=18772852
Change Physical Footprint: Designator=J8 Old Footprint=18772852 New Footprint=18772852
Change Physical Footprint: Designator=J9 Old Footprint=18772854 New Footprint=18772854
Change Physical Footprint: Designator=J10 Old Footprint=18772852 New Footprint=18772852
Change Physical Footprint: Designator=J11 Old Footprint=18772852 New Footprint=18772852
Change Physical Footprint: Designator=J12 Old Footprint=18772854 New Footprint=18772854
Change Physical Footprint: Designator=K1 Old Footprint=KT121A40LSMD New Footprint=KT121A40LSMD
Change Physical Footprint: Designator=LED2 Old Footprint=156120VS75000 New Footprint=156120VS75000
Change Physical Footprint: Designator=LED3 Old Footprint=156120VS75000 New Footprint=156120VS75000
Change Physical Footprint: Designator=PC Sig Old Footprint=156120VS75000 New Footprint=156120VS75000
Change Physical Footprint: Designator=Q1 Old Footprint=SOTFL95P240X88-3N New Footprint=SOTFL95P240X88-3N
Change Physical Footprint: Designator=Q2 Old Footprint=SOTFL95P240X88-3N New Footprint=SOTFL95P240X88-3N
Change Physical Footprint: Designator=Q3 Old Footprint=SOTFL95P240X88-3N New Footprint=SOTFL95P240X88-3N
Change Physical Footprint: Designator=R1 Old Footprint=TWW20J100E New Footprint=TWW20J100E
Change Physical Footprint: Designator=R2 Old Footprint=TWW20J100E New Footprint=TWW20J100E
Change Physical Footprint: Designator=R3 Old Footprint=TWW20J100E New Footprint=TWW20J100E
Change Physical Footprint: Designator=R4 Old Footprint=TWW20J100E New Footprint=TWW20J100E
Change Physical Footprint: Designator=R5 Old Footprint=TWW20J100E New Footprint=TWW20J100E
Change Physical Footprint: Designator=R6LED1 Old Footprint=ERA8KEB1004V New Footprint=ERA8KEB1004V
Change Physical Footprint: Designator=R6LED2 Old Footprint=ERA8KEB1004V New Footprint=ERA8KEB1004V
Change Physical Footprint: Designator=R6LED3 Old Footprint=ERA8KEB1004V New Footprint=ERA8KEB1004V
Change Physical Footprint: Designator=R7 Old Footprint=ERJ8ENF1000V New Footprint=ERJ8ENF1000V
Change Physical Footprint: Designator=R8 Old Footprint=RESC3216X60N New Footprint=RESC3216X60N
Change Physical Footprint: Designator=R9 Old Footprint=RESC3216X65N New Footprint=RESC3216X65N
Change Physical Footprint: Designator=R10 Old Footprint=ERJ8ENF1000V New Footprint=ERJ8ENF1000V
Change Physical Footprint: Designator=R11 Old Footprint=ERJ8ENF1000V New Footprint=ERJ8ENF1000V
Change Physical Footprint: Designator=R12 Old Footprint=ERJ8ENF1000V New Footprint=ERJ8ENF1000V
Change Physical Footprint: Designator=R13 Old Footprint=ERJ8ENF1000V New Footprint=ERJ8ENF1000V
Change Physical Footprint: Designator=R14 Old Footprint=RESC3216X60N New Footprint=RESC3216X60N
Change Physical Footprint: Designator=R15 Old Footprint=ERJP08_(1206) New Footprint=ERJP08_(1206)
Change Physical Footprint: Designator=R16 Old Footprint=RESC3216X65N New Footprint=RESC3216X65N
Change Physical Footprint: Designator=R17 Old Footprint=RESC3216X68N New Footprint=RESC3216X68N
Change Physical Footprint: Designator=R18 Old Footprint=RESC3116X65N New Footprint=RESC3116X65N
Change Physical Footprint: Designator=R19 Old Footprint=RESC3116X65N New Footprint=RESC3116X65N
Change Physical Footprint: Designator=R20 Old Footprint=RESC3116X65N New Footprint=RESC3116X65N
Change Physical Footprint: Designator=R21 Old Footprint=RESC3116X65N New Footprint=RESC3116X65N
Change Physical Footprint: Designator=S1 Old Footprint=TL1030AF350AQJ New Footprint=TL1030AF350AQJ
