Change Component Designator: OldDesignator=R? NewDesignator=R13
Change Component Designator: OldDesignator=R? NewDesignator=R22
Change Component Designator: OldDesignator=R? NewDesignator=R23
Change Component Designator: OldDesignator=R? NewDesignator=R24
Change Component Designator: OldDesignator=R? NewDesignator=R25
Change Component Designator: OldDesignator=R? NewDesignator=R26
Change Component Designator: OldDesignator=R? NewDesignator=R27
Change Component Designator: OldDesignator=R? NewDesignator=R28
Change Component Designator: OldDesignator=R? NewDesignator=R29
Change Component Designator: OldDesignator=R? NewDesignator=R30
Change Component Designator: OldDesignator=R? NewDesignator=R31
Change Component Designator: OldDesignator=R? NewDesignator=R32
Change Net Name : Old Net Name=NetR?_1 New Net Name=NetR27_1
Added Pin To Net: NetName=NetR13_1 Pin=R13-1
Added Pin To Net: NetName=NetR13_1 Pin=R22-2
Added Pin To Net: NetName=NetR13_1 Pin=R25-1
Added Net: Name=NetR13_1
Added Pin To Net: NetName=NetR23_1 Pin=R23-1
Added Pin To Net: NetName=NetR23_1 Pin=R24-2
Added Pin To Net: NetName=NetR23_1 Pin=R26-1
Added Net: Name=NetR23_1
Added Pin To Net: NetName=NetR30_1 Pin=R30-1
Added Pin To Net: NetName=NetR30_1 Pin=R31-2
Added Pin To Net: NetName=NetR30_1 Pin=R32-1
Added Net: Name=NetR30_1
Added Member To Class: ClassName=STM32 Input Conditioning Member=Component R13 68k
Added Member To Class: ClassName=STM32 Input Conditioning Member=Component R22 10k
Added Member To Class: ClassName=STM32 Input Conditioning Member=Component R23 27k
Added Member To Class: ClassName=STM32 Input Conditioning Member=Component R24 10k
Added Member To Class: ClassName=STM32 Input Conditioning Member=Component R25 1k
Added Member To Class: ClassName=STM32 Input Conditioning Member=Component R26 1k
Added Member To Class: ClassName=STM32 Input Conditioning Member=Component R27 68k
Added Member To Class: ClassName=STM32 Input Conditioning Member=Component R28 10k
Added Member To Class: ClassName=STM32 Input Conditioning Member=Component R29 1k
Added Member To Class: ClassName=STM32 Input Conditioning Member=Component R31 10k
Added Member To Class: ClassName=STM32 Input Conditioning Member=Component R32 1k
