Change Physical Footprint: Designator=C1 Old Footprint=CAPC2012X145N New Footprint=CAPC2012X145N
Change Physical Footprint: Designator=C2 Old Footprint=CAPC1608X90N New Footprint=CAPC1608X90N
Change Physical Footprint: Designator=C3 Old Footprint=CAPC1608X90N New Footprint=CAPC1608X90N
Change Physical Footprint: Designator=C4 Old Footprint=CAPC1608X90N New Footprint=CAPC1608X90N
Change Physical Footprint: Designator=C5 Old Footprint=CAPC1608X90N New Footprint=CAPC1608X90N
Change Physical Footprint: Designator=C6 Old Footprint=CAPC1608X90N New Footprint=CAPC1608X90N
Change Physical Footprint: Designator=C7 Old Footprint=CAPC1608X90N New Footprint=CAPC1608X90N
Change Physical Footprint: Designator=C8 Old Footprint=CAPC1608X90N New Footprint=CAPC1608X90N
Change Physical Footprint: Designator=C9 Old Footprint=CAPC1608X90N New Footprint=CAPC1608X90N
Change Physical Footprint: Designator=C10 Old Footprint=CAPC1608X90N New Footprint=CAPC1608X90N
Change Physical Footprint: Designator=C11 Old Footprint=CAPC1608X90N New Footprint=CAPC1608X90N
Change Physical Footprint: Designator=C12 Old Footprint=CAPC1608X90N New Footprint=CAPC1608X90N
Change Physical Footprint: Designator=C13 Old Footprint=CAPC1608X90N New Footprint=CAPC1608X90N
Change Physical Footprint: Designator=C14 Old Footprint=CAPC1608X90N New Footprint=CAPC1608X90N
Change Physical Footprint: Designator=C15 Old Footprint=CAPC1608X90N New Footprint=CAPC1608X90N
Change Physical Footprint: Designator=C16 Old Footprint=CAPC1608X90N New Footprint=CAPC1608X90N
Change Physical Footprint: Designator=C17 Old Footprint=CAPC1608X95N New Footprint=CAPC1608X95N
Change Physical Footprint: Designator=C18 Old Footprint=CAPC1608X90N New Footprint=CAPC1608X90N
Change Physical Footprint: Designator=C19 Old Footprint=CAPC1608X90N New Footprint=CAPC1608X90N
Change Physical Footprint: Designator=C20 Old Footprint=MBASx168 New Footprint=MBASx168
Change Physical Footprint: Designator=C21 Old Footprint=MBASx168 New Footprint=MBASx168
Change Physical Footprint: Designator=C22 Old Footprint=CAPC1608X95N New Footprint=CAPC1608X95N
Change Physical Footprint: Designator=C23 Old Footprint=CAPC1608X90N New Footprint=CAPC1608X90N
Change Physical Footprint: Designator=C24 Old Footprint=CAPC1608X90N New Footprint=CAPC1608X90N
Change Physical Footprint: Designator=C25 Old Footprint=CAPC2012X145N New Footprint=CAPC2012X145N
Change Physical Footprint: Designator=C26 Old Footprint=CAPC2012X145N New Footprint=CAPC2012X145N
Change Physical Footprint: Designator=C27 Old Footprint=CAPC3216X190N New Footprint=CAPC3216X190N
Change Physical Footprint: Designator=C33 Old Footprint=CAPC1608X95N New Footprint=CAPC1608X95N
Change Physical Footprint: Designator=C34 Old Footprint=CAPC1608X90N New Footprint=CAPC1608X90N
Change Physical Footprint: Designator=C35 Old Footprint=CAPC1608X90N New Footprint=CAPC1608X90N
Change Physical Footprint: Designator=C36 Old Footprint=CAPC1608X87N New Footprint=CAPC1608X87N
Change Physical Footprint: Designator=D1 Old Footprint=DIOM5426X300N New Footprint=DIOM5426X300N
Change Physical Footprint: Designator=D2 Old Footprint=DIOM5426X300N New Footprint=DIOM5426X300N
Change Physical Footprint: Designator=D3 Old Footprint=DIOM5426X300N New Footprint=DIOM5426X300N
Change Physical Footprint: Designator=D4 Old Footprint=SM24CANB02HTG New Footprint=SM24CANB02HTG
Change Physical Footprint: Designator=D5 Old Footprint=DIOM7959X250N New Footprint=DIOM7959X250N
Change Physical Footprint: Designator=D6 Old Footprint=DIOM5026X229N New Footprint=DIOM5026X229N
Change Physical Footprint: Designator=FL1 Old Footprint=ACT45B1012PTL003 New Footprint=ACT45B1012PTL003
Change Physical Footprint: Designator=IC1 Old Footprint=QFP50P1200X1200X160-64N New Footprint=QFP50P1200X1200X160-64N
Change Physical Footprint: Designator=IC2 Old Footprint=SOP65P640X120-17N New Footprint=SOP65P640X120-17N
Change Physical Footprint: Designator=IC4_- Old Footprint=SOT96P240X110-3N New Footprint=SOT96P240X110-3N
Change Physical Footprint: Designator=IC4_+ Old Footprint=SOT96P240X110-3N New Footprint=SOT96P240X110-3N
Change Physical Footprint: Designator=IC4_HB Old Footprint=SOT96P240X110-3N New Footprint=SOT96P240X110-3N
Change Physical Footprint: Designator=IC4_PC Old Footprint=SOT96P240X110-3N New Footprint=SOT96P240X110-3N
Change Physical Footprint: Designator=IC4_RTD_Sig_In Old Footprint=SOT96P240X110-3N New Footprint=SOT96P240X110-3N
Change Physical Footprint: Designator=IC6 Old Footprint=SOIC127P600X170-9N New Footprint=SOIC127P600X170-9N
Change Physical Footprint: Designator=IC8 Old Footprint=SOIC127P600X175-8N New Footprint=SOIC127P600X175-8N
Change Physical Footprint: Designator=IC9 Old Footprint=SOT96P240X110-3N New Footprint=SOT96P240X110-3N
Change Physical Footprint: Designator=J1 Old Footprint=18772852 New Footprint=18772852
Change Physical Footprint: Designator=J2 Old Footprint=18772854 New Footprint=18772854
Change Physical Footprint: Designator=J4 Old Footprint=18772852 New Footprint=18772852
Change Physical Footprint: Designator=J6 Old Footprint=18772852 New Footprint=18772852
Change Physical Footprint: Designator=J7 Old Footprint=18772852 New Footprint=18772852
Change Physical Footprint: Designator=J9 Old Footprint=SHF10701LDTH New Footprint=SHF10701LDTH
Change Physical Footprint: Designator=J10 Old Footprint=18772852 New Footprint=18772852
Change Physical Footprint: Designator=J11 Old Footprint=18772854 New Footprint=18772854
Change Physical Footprint: Designator=J12 Old Footprint=18772852 New Footprint=18772852
Change Physical Footprint: Designator=L1 Old Footprint=INDPM125125X800N New Footprint=INDPM125125X800N
Change Physical Footprint: Designator=LED1 Old Footprint=LEDC1608X70N New Footprint=LEDC1608X70N
Change Physical Footprint: Designator=LED? Old Footprint=LEDC1608X70N New Footprint=LEDC1608X70N
Change Physical Footprint: Designator=LED_- Old Footprint=LEDC1608X70N New Footprint=LEDC1608X70N
Change Physical Footprint: Designator=LED_+ Old Footprint=LEDC1608X70N New Footprint=LEDC1608X70N
Change Physical Footprint: Designator=LED_HB Old Footprint=LEDC1608X70N New Footprint=LEDC1608X70N
Change Physical Footprint: Designator=LED_PC Old Footprint=LEDC1608X70N New Footprint=LEDC1608X70N
Change Physical Footprint: Designator=LED_RTD_Sig_In Old Footprint=LEDC1608X70N New Footprint=LEDC1608X70N
Change Physical Footprint: Designator=M1 Old Footprint=SOT95P240X100-3N New Footprint=SOT95P240X100-3N
Change Physical Footprint: Designator=M2 Old Footprint=SOT95P240X100-3N New Footprint=SOT95P240X100-3N
Change Physical Footprint: Designator=M3 Old Footprint=SOT95P240X100-3N New Footprint=SOT95P240X100-3N
Change Physical Footprint: Designator=PC FAIL Old Footprint=LEDC1608X70N New Footprint=LEDC1608X70N
Change Physical Footprint: Designator=R1 Old Footprint=RESC1608X55N New Footprint=RESC1608X55N
Change Physical Footprint: Designator=R2 Old Footprint=RESC1608X50N New Footprint=RESC1608X50N
Change Physical Footprint: Designator=R3 Old Footprint=RESC1608X50N New Footprint=RESC1608X50N
Change Physical Footprint: Designator=R4 Old Footprint=RESC1608X55N New Footprint=RESC1608X55N
Change Physical Footprint: Designator=R5 Old Footprint=RESC1608X55N New Footprint=RESC1608X55N
Change Physical Footprint: Designator=R6 Old Footprint=RESC1608X55N New Footprint=RESC1608X55N
Change Physical Footprint: Designator=R7 Old Footprint=RESC1608X55N New Footprint=RESC1608X55N
Change Physical Footprint: Designator=R8 Old Footprint=RESC1608X55N New Footprint=RESC1608X55N
Change Physical Footprint: Designator=R9 Old Footprint=RESC1608X55N New Footprint=RESC1608X55N
Change Physical Footprint: Designator=R10 Old Footprint=RESC1608X55N New Footprint=RESC1608X55N
Change Physical Footprint: Designator=R11 Old Footprint=RESC1608X55N New Footprint=RESC1608X55N
Change Physical Footprint: Designator=R12 Old Footprint=ERJH3 New Footprint=ERJH3
Change Physical Footprint: Designator=R14_- Old Footprint=RESC1608X55N New Footprint=RESC1608X55N
Change Physical Footprint: Designator=R14_+ Old Footprint=RESC1608X55N New Footprint=RESC1608X55N
Change Physical Footprint: Designator=R14_HB Old Footprint=RESC1608X55N New Footprint=RESC1608X55N
Change Physical Footprint: Designator=R14_PC Old Footprint=RESC1608X55N New Footprint=RESC1608X55N
Change Physical Footprint: Designator=R14_RTD_Sig_In Old Footprint=RESC1608X55N New Footprint=RESC1608X55N
Change Physical Footprint: Designator=R15 Old Footprint=RESC1608X55N New Footprint=RESC1608X55N
Change Physical Footprint: Designator=R16 Old Footprint=RESC1608X50N New Footprint=RESC1608X50N
Change Physical Footprint: Designator=R17 Old Footprint=RESC1608X55N New Footprint=RESC1608X55N
Change Physical Footprint: Designator=R18 Old Footprint=CAPC1608X55N New Footprint=CAPC1608X55N
Change Physical Footprint: Designator=R19 Old Footprint=RESC1608X50N New Footprint=RESC1608X50N
Change Physical Footprint: Designator=R20 Old Footprint=RESC1608X50N New Footprint=RESC1608X50N
Change Physical Footprint: Designator=R21 Old Footprint=RESC1608X55N New Footprint=RESC1608X55N
Change Physical Footprint: Designator=R38 Old Footprint=RESC1608X55N New Footprint=RESC1608X55N
Change Physical Footprint: Designator=R41 Old Footprint=RESC3116X65N New Footprint=RESC3116X65N
Change Physical Footprint: Designator=R42 Old Footprint=RESC1608X55N New Footprint=RESC1608X55N
Change Physical Footprint: Designator=R43 Old Footprint=RESC1608X55N New Footprint=RESC1608X55N
Change Physical Footprint: Designator=R44 Old Footprint=RESC1608X55N New Footprint=RESC1608X55N
Change Physical Footprint: Designator=S1 Old Footprint=TL1030AF350AQJ New Footprint=TL1030AF350AQJ
