Removed Pin From Net: NetName=HV- Pin=C1-2
Removed Pin From Net: NetName=HV+ MC Divided Pin=IC1-1
Removed Pin From Net: NetName=HV- Pin=IC1-2
Removed Pin From Net: NetName=3.3V (High Side) Pin=IC1-3
Removed Pin From Net: NetName=HV- Pin=IC1-6
Removed Pin From Net: NetName=HV+ BAT Divided Pin=IC1-7
Removed Pin From Net: NetName=HV- Pin=IC1-8
Removed Pin From Net: NetName=SDA Pin=IC2-2
Removed Pin From Net: NetName=SCL Pin=IC2-3
Removed Pin From Net: NetName=HV- Pin=IC2-5
Removed Pin From Net: NetName=3.3V (High Side) Pin=IC7-7
Removed Pin From Net: NetName=HV- Pin=IC7-8
Removed Pin From Net: NetName=SL_Ready Pin=K1-3
Removed Pin From Net: NetName=HV- Pin=R24-2
Removed Pin From Net: NetName=HV- Pin=R25-2
Removed Pin From Net: NetName=SDA Pin=R28-2
Added Member To Class: ClassName=VoltageSense Member=Component C1 100n
Added Member To Class: ClassName=VoltageSense Member=Component C2 100n
Added Member To Class: ClassName=3.3V Isolation Member=Component C29 10u
Added Member To Class: ClassName=3.3V Isolation Member=Component C30 100n
Added Member To Class: ClassName=3.3V Isolation Member=Component C31 100n
Added Member To Class: ClassName=3.3V Isolation Member=Component C32 22u
Added Member To Class: ClassName=VoltageSense Member=Component F1 0ADKP0500-RE
Added Member To Class: ClassName=VoltageSense Member=Component F2 0ADKP0500-RE
Added Member To Class: ClassName=VoltageSense Member=Component F3 0ADKP0500-RE
Added Member To Class: ClassName=VoltageSense Member=Component IC1 MCP3422A1T-E_SN
Added Member To Class: ClassName=VoltageSense Member=Component IC2 ISO1640BQDRQ1
Added Member To Class: ClassName=3.3V Isolation Member=Component IC7 MIE05W0505BGYE-3R-Z
Added Member To Class: ClassName=Connectors Member=Component J3 1877285-2
Added Member To Class: ClassName=Connectors Member=Component J5 1877285-2
Added Member To Class: ClassName=Connectors Member=Component J8 1877285-2
Added Member To Class: ClassName=Relay Controller Member=Component K1 KT24-1A-40L-SMD
Added Member To Class: ClassName=VoltageSense Member=Component R1 510k
Added Member To Class: ClassName=VoltageSense Member=Component R2 510k
Added Member To Class: ClassName=VoltageSense Member=Component R3 510k
Added Member To Class: ClassName=VoltageSense Member=Component R4 510k
Added Member To Class: ClassName=VoltageSense Member=Component R5 510k
Added Member To Class: ClassName=VoltageSense Member=Component R6 510k
Added Member To Class: ClassName=Relay Controller Member=Component R9 TWW20J100E
Added Member To Class: ClassName=Relay Controller Member=Component R10 TWW20J100E
Added Member To Class: ClassName=Relay Controller Member=Component R11 TWW20J100E
Added Member To Class: ClassName=Relay Controller Member=Component R12 TWW20J100E
Added Member To Class: ClassName=Relay Controller Member=Component R13 TWW20J100E
Added Member To Class: ClassName=VoltageSense Member=Component R22 510k
Added Member To Class: ClassName=VoltageSense Member=Component R23 510k
Added Member To Class: ClassName=VoltageSense Member=Component R24 12.1k
Added Member To Class: ClassName=VoltageSense Member=Component R25 12.1k
Added Member To Class: ClassName=VoltageSense Member=Component R26 2k
Added Member To Class: ClassName=VoltageSense Member=Component R27 2k
Added Member To Class: ClassName=VoltageSense Member=Component R28 2k
