Change Physical Footprint: Designator=C1 Old Footprint=CAPC3216X94N New Footprint=CAPC3216X94N
Change Physical Footprint: Designator=C2 Old Footprint=CAPC3216X94N New Footprint=CAPC3216X94N
Change Physical Footprint: Designator=C3 Old Footprint=CAPC3216X180N New Footprint=CAPC3216X180N
Change Physical Footprint: Designator=C4 Old Footprint=CAPC3216X94N New Footprint=CAPC3216X94N
Change Physical Footprint: Designator=C5 Old Footprint=CAPC3216X94N New Footprint=CAPC3216X94N
Change Physical Footprint: Designator=C6 Old Footprint=CAPC3216X94N New Footprint=CAPC3216X94N
Change Physical Footprint: Designator=C7 Old Footprint=CAPC3216X94N New Footprint=CAPC3216X94N
Change Physical Footprint: Designator=C8 Old Footprint=CAPC3216X94N New Footprint=CAPC3216X94N
Change Physical Footprint: Designator=C9 Old Footprint=CAPC3216X94N New Footprint=CAPC3216X94N
Change Physical Footprint: Designator=C10 Old Footprint=CAPC3216X94N New Footprint=CAPC3216X94N
Change Physical Footprint: Designator=C11 Old Footprint=CAPC3216X94N New Footprint=CAPC3216X94N
Change Physical Footprint: Designator=C12 Old Footprint=CAPC3216X94N New Footprint=CAPC3216X94N
Change Physical Footprint: Designator=C13 Old Footprint=CAPC3216X94N New Footprint=CAPC3216X94N
Change Physical Footprint: Designator=C14 Old Footprint=CAPC3216X94N New Footprint=CAPC3216X94N
Change Physical Footprint: Designator=C15 Old Footprint=CAPC3216X94N New Footprint=CAPC3216X94N
Change Physical Footprint: Designator=C16 Old Footprint=CAPC3216X94N New Footprint=CAPC3216X94N
Change Physical Footprint: Designator=C17 Old Footprint=CAPC3216X94N New Footprint=CAPC3216X94N
Change Physical Footprint: Designator=C18 Old Footprint=CAPC3216X94N New Footprint=CAPC3216X94N
Change Physical Footprint: Designator=C19 Old Footprint=CAPC3216X180N New Footprint=CAPC3216X180N
Change Physical Footprint: Designator=C20 Old Footprint=CAPC3216X94N New Footprint=CAPC3216X94N
Change Physical Footprint: Designator=C21 Old Footprint=CAPC3216X94N New Footprint=CAPC3216X94N
Change Physical Footprint: Designator=C22 Old Footprint=CAPC3216X180N New Footprint=CAPC3216X180N
Change Physical Footprint: Designator=C23 Old Footprint=CAPC3216X180N New Footprint=CAPC3216X180N
Change Physical Footprint: Designator=C24 Old Footprint=CAPC3216X94N New Footprint=CAPC3216X94N
Change Physical Footprint: Designator=C25 Old Footprint=CAPC3216X180N New Footprint=CAPC3216X180N
Change Physical Footprint: Designator=C26 Old Footprint=CAPC3216X180N New Footprint=CAPC3216X180N
Change Physical Footprint: Designator=C27 Old Footprint=CAPC3216X190N New Footprint=CAPC3216X190N
Change Physical Footprint: Designator=C28 Old Footprint=CAPC3216X190N New Footprint=CAPC3216X190N
Change Physical Footprint: Designator=C29 Old Footprint=CAPC3216X180N New Footprint=CAPC3216X180N
Change Physical Footprint: Designator=C30 Old Footprint=CAPC3216X94N New Footprint=CAPC3216X94N
Change Physical Footprint: Designator=C31 Old Footprint=CAPC3216X94N New Footprint=CAPC3216X94N
Change Physical Footprint: Designator=C32 Old Footprint=CAPC3216X180N New Footprint=CAPC3216X180N
Change Physical Footprint: Designator=C33 Old Footprint=CAPC3216X75N New Footprint=CAPC3216X75N
Change Physical Footprint: Designator=C34 Old Footprint=CAPC3216X94N New Footprint=CAPC3216X94N
Change Physical Footprint: Designator=C35 Old Footprint=C1206 New Footprint=C1206
Change Physical Footprint: Designator=C36 Old Footprint=CAPC3216X170N New Footprint=CAPC3216X170N
Change Physical Footprint: Designator=C37 Old Footprint=CAPC3216X152N New Footprint=CAPC3216X152N
Change Physical Footprint: Designator=C38 Old Footprint=CAPC3216X178N New Footprint=CAPC3216X178N
Change Physical Footprint: Designator=D1 Old Footprint=DIOM5426X300N New Footprint=DIOM5426X300N
Change Physical Footprint: Designator=D2 Old Footprint=DIOM5426X300N New Footprint=DIOM5426X300N
Change Physical Footprint: Designator=D3 Old Footprint=DIOM5426X300N New Footprint=DIOM5426X300N
Change Physical Footprint: Designator=D4 Old Footprint=SM24CANB02HTG New Footprint=SM24CANB02HTG
Change Physical Footprint: Designator=D5 Old Footprint=DIOM7959X250N New Footprint=DIOM7959X250N
Change Physical Footprint: Designator=F1 Old Footprint=0ADKP0500-RE New Footprint=0ADKP0500-RE
Change Physical Footprint: Designator=F2 Old Footprint=0ADKP0500-RE New Footprint=0ADKP0500-RE
Change Physical Footprint: Designator=F3 Old Footprint=0ADKP0500-RE New Footprint=0ADKP0500-RE
Change Physical Footprint: Designator=FL1 Old Footprint=ACT45B1012PTL003 New Footprint=ACT45B1012PTL003
Change Physical Footprint: Designator=IC1 Old Footprint=SOIC127P600X175-8N New Footprint=SOIC127P600X175-8N
Change Physical Footprint: Designator=IC2 Old Footprint=SOIC127P600X175-8N New Footprint=SOIC127P600X175-8N
Change Physical Footprint: Designator=IC3 Old Footprint=QFP50P1200X1200X160-64N New Footprint=QFP50P1200X1200X160-64N
Change Physical Footprint: Designator=IC4_+ Old Footprint=SOT96P240X110-3N New Footprint=SOT96P240X110-3N
Change Physical Footprint: Designator=IC4_- Old Footprint=SOT96P240X110-3N New Footprint=SOT96P240X110-3N
Change Physical Footprint: Designator=IC4_HB Old Footprint=SOT96P240X110-3N New Footprint=SOT96P240X110-3N
Change Physical Footprint: Designator=IC4_PC Old Footprint=SOT96P240X110-3N New Footprint=SOT96P240X110-3N
Change Physical Footprint: Designator=IC4_SLR Old Footprint=SOT96P240X110-3N New Footprint=SOT96P240X110-3N
Change Physical Footprint: Designator=IC5 Old Footprint=SOP65P640X120-17N New Footprint=SOP65P640X120-17N
Change Physical Footprint: Designator=IC6 Old Footprint=SOIC127P600X170-9N New Footprint=SOIC127P600X170-9N
Change Physical Footprint: Designator=IC8 Old Footprint=SOIC127P600X175-8N New Footprint=SOIC127P600X175-8N
Change Physical Footprint: Designator=IC9 Old Footprint=SOT96P240X110-3N New Footprint=SOT96P240X110-3N
Change Physical Footprint: Designator=J1 Old Footprint=18772852 New Footprint=18772852
Change Physical Footprint: Designator=J2 Old Footprint=18772854 New Footprint=18772854
Change Physical Footprint: Designator=J3 Old Footprint=18772852 New Footprint=18772852
Change Physical Footprint: Designator=J4 Old Footprint=18772852 New Footprint=18772852
Change Physical Footprint: Designator=J5 Old Footprint=18772852 New Footprint=18772852
Change Physical Footprint: Designator=J6 Old Footprint=18772852 New Footprint=18772852
Change Physical Footprint: Designator=J7 Old Footprint=18772852 New Footprint=18772852
Change Physical Footprint: Designator=J8 Old Footprint=18772852 New Footprint=18772852
Change Physical Footprint: Designator=J9 Old Footprint=SHF10701LDTH New Footprint=SHF10701LDTH
Change Physical Footprint: Designator=J10 Old Footprint=18772852 New Footprint=18772852
Change Physical Footprint: Designator=J11 Old Footprint=18772854 New Footprint=18772854
Change Physical Footprint: Designator=J12 Old Footprint=18772852 New Footprint=18772852
Change Physical Footprint: Designator=K1 Old Footprint=KT241A40LSMD New Footprint=KT241A40LSMD
Change Physical Footprint: Designator=L1 Old Footprint=INDPM125125X800N New Footprint=INDPM125125X800N
Change Physical Footprint: Designator=LED1_+ Old Footprint=156120VS75000 New Footprint=156120VS75000
Change Physical Footprint: Designator=LED1_- Old Footprint=156120VS75000 New Footprint=156120VS75000
Change Physical Footprint: Designator=LED1_HB Old Footprint=156120VS75000 New Footprint=156120VS75000
Change Physical Footprint: Designator=LED1_PC Old Footprint=156120VS75000 New Footprint=156120VS75000
Change Physical Footprint: Designator=LED1_SLR Old Footprint=156120VS75000 New Footprint=156120VS75000
Change Physical Footprint: Designator=LED2 Old Footprint=156120VS75000 New Footprint=156120VS75000
Change Physical Footprint: Designator=LED3 Old Footprint=156120VS75000 New Footprint=156120VS75000
Change Physical Footprint: Designator=M1 Old Footprint=SOT95P240X100-3N New Footprint=SOT95P240X100-3N
Change Physical Footprint: Designator=M2 Old Footprint=SOT95P240X100-3N New Footprint=SOT95P240X100-3N
Change Physical Footprint: Designator=M3 Old Footprint=SOT95P240X100-3N New Footprint=SOT95P240X100-3N
Change Physical Footprint: Designator=PC FAIL Old Footprint=WL-SMRW_1206 rectangular_normal use New Footprint=WL-SMRW_1206 rectangular_normal use
Change Physical Footprint: Designator=R1 Old Footprint=RESC3216X75N New Footprint=RESC3216X75N
Change Physical Footprint: Designator=R2 Old Footprint=RESC3216X75N New Footprint=RESC3216X75N
Change Physical Footprint: Designator=R3 Old Footprint=RESC3216X75N New Footprint=RESC3216X75N
Change Physical Footprint: Designator=R4 Old Footprint=RESC3216X75N New Footprint=RESC3216X75N
Change Physical Footprint: Designator=R5 Old Footprint=RESC3216X75N New Footprint=RESC3216X75N
Change Physical Footprint: Designator=R6 Old Footprint=RESC3216X75N New Footprint=RESC3216X75N
Change Physical Footprint: Designator=R7 Old Footprint=ERJ8ENF1000V New Footprint=ERJ8ENF1000V
Change Physical Footprint: Designator=R8 Old Footprint=ERJ8ENF1000V New Footprint=ERJ8ENF1000V
Change Physical Footprint: Designator=R9 Old Footprint=TWW20J100E New Footprint=TWW20J100E
Change Physical Footprint: Designator=R10 Old Footprint=TWW20J100E New Footprint=TWW20J100E
Change Physical Footprint: Designator=R11 Old Footprint=TWW20J100E New Footprint=TWW20J100E
Change Physical Footprint: Designator=R12 Old Footprint=TWW20J100E New Footprint=TWW20J100E
Change Physical Footprint: Designator=R13 Old Footprint=TWW20J100E New Footprint=TWW20J100E
Change Physical Footprint: Designator=R14_+ Old Footprint=RESC3116X65N New Footprint=RESC3116X65N
Change Physical Footprint: Designator=R14_- Old Footprint=RESC3116X65N New Footprint=RESC3116X65N
Change Physical Footprint: Designator=R14_HB Old Footprint=RESC3116X65N New Footprint=RESC3116X65N
Change Physical Footprint: Designator=R14_PC Old Footprint=RESC3116X65N New Footprint=RESC3116X65N
Change Physical Footprint: Designator=R14_SLR Old Footprint=RESC3116X65N New Footprint=RESC3116X65N
Change Physical Footprint: Designator=R15 Old Footprint=RESC3116X65N New Footprint=RESC3116X65N
Change Physical Footprint: Designator=R16 Old Footprint=ERJUP6 New Footprint=ERJUP6
Change Physical Footprint: Designator=R17 Old Footprint=RESC3216X70N New Footprint=RESC3216X70N
Change Physical Footprint: Designator=R18 Old Footprint=RESC3216X70N New Footprint=RESC3216X70N
Change Physical Footprint: Designator=R19 Old Footprint=RESC3216X65N New Footprint=RESC3216X65N
Change Physical Footprint: Designator=R20 Old Footprint=RESC3216X65N New Footprint=RESC3216X65N
Change Physical Footprint: Designator=R21 Old Footprint=RESC3216X65N New Footprint=RESC3216X65N
Change Physical Footprint: Designator=R22 Old Footprint=RESC3216X75N New Footprint=RESC3216X75N
Change Physical Footprint: Designator=R23 Old Footprint=RESC3216X75N New Footprint=RESC3216X75N
Change Physical Footprint: Designator=R24 Old Footprint=ERA6AEB101V New Footprint=ERA6AEB101V
Change Physical Footprint: Designator=R25 Old Footprint=ERA6AEB101V New Footprint=ERA6AEB101V
Change Physical Footprint: Designator=R26 Old Footprint=RESC3116X65N New Footprint=RESC3116X65N
Change Physical Footprint: Designator=R27 Old Footprint=RESC3116X65N New Footprint=RESC3116X65N
Change Physical Footprint: Designator=R28 Old Footprint=RESC3116X65N New Footprint=RESC3116X65N
Change Physical Footprint: Designator=R29 Old Footprint=RESC3116X65N New Footprint=RESC3116X65N
Change Physical Footprint: Designator=R30 Old Footprint=RESC3216X65N New Footprint=RESC3216X65N
Change Physical Footprint: Designator=R31 Old Footprint=RESC3216X70N New Footprint=RESC3216X70N
Change Physical Footprint: Designator=R32 Old Footprint=RESC3216X70N New Footprint=RESC3216X70N
Change Physical Footprint: Designator=R33 Old Footprint=RESC3216X70N New Footprint=RESC3216X70N
Change Physical Footprint: Designator=R34 Old Footprint=RESC3216X70N New Footprint=RESC3216X70N
Change Physical Footprint: Designator=R35 Old Footprint=RESC3216X70N New Footprint=RESC3216X70N
Change Physical Footprint: Designator=R36 Old Footprint=RESC3216X65N New Footprint=RESC3216X65N
Change Physical Footprint: Designator=R37 Old Footprint=RESC3116X65N New Footprint=RESC3116X65N
Change Physical Footprint: Designator=R38 Old Footprint=RESC3116X65N New Footprint=RESC3116X65N
Change Physical Footprint: Designator=R39 Old Footprint=RESC3216X65N New Footprint=RESC3216X65N
Change Physical Footprint: Designator=R40 Old Footprint=RESC3116X65N New Footprint=RESC3116X65N
Change Physical Footprint: Designator=R41 Old Footprint=RESC3116X65N New Footprint=RESC3116X65N
Change Physical Footprint: Designator=S1 Old Footprint=TL1030AF350AQJ New Footprint=TL1030AF350AQJ
