Add component: Footprint Not Found GENERIC 1206
Add component: Footprint Not Found GENERIC 1206
Add component: Footprint Not Found GENERIC 1206
Add component: Footprint Not Found GENERIC 1206
Add component: Footprint Not Found GENERIC 1206
Add component: Footprint Not Found GENERIC 1206
Add component: Footprint Not Found GENERIC 1206
Add component: Footprint Not Found GENERIC 1206
Add component: Footprint Not Found GENERIC 1206
Add component: Footprint Not Found 0ADKP0500-RE
Added Component: Designator=J11(18772852)
Add component (AddParameter): Name = "Arrow Part Number"; Value = "1877285-2"; VariantName = "[No Variations]"
Add component (AddParameter): Name = "Arrow Price/Stock"; Value = "https://www.arrow.com/en/products/1877285-2/te-connectivity?region=europe"; VariantName = "[No Variations]"
Add component (AddParameter): Name = "Datasheet Link"; Value = "https://www.te.com/commerce/DocumentDelivery/DDEController?Action=srchrtrv&DocNm=7-1773458-5_ECONOMY_POWER_QRG&DocType=Data%20Sheet&DocLang=English&PartCntxt=1877285-2&DocFormat=pdf"; VariantName = "[No Variations]"
Add component (AddParameter): Name = "Height"; Value = "12mm"; VariantName = "[No Variations]"
Add component (AddParameter): Name = "Manufacturer_Name"; Value = "TE Connectivity"; VariantName = "[No Variations]"
Add component (AddParameter): Name = "Manufacturer_Part_Number"; Value = "1877285-2"; VariantName = "[No Variations]"
Add component (AddParameter): Name = "Mouser Part Number"; Value = "571-1877285-2"; VariantName = "[No Variations]"
Add component (AddParameter): Name = "Mouser Price/Stock"; Value = "https://www.mouser.co.uk/ProductDetail/TE-Connectivity/1877285-2?qs=ka3zfMQDmFlAIZq5pDt5JA%3D%3D"; VariantName = "[No Variations]"
Added Component: Designator=J12(18772854)
Add component (AddParameter): Name = "Arrow Part Number"; Value = "1877285-4"; VariantName = "[No Variations]"
Add component (AddParameter): Name = "Arrow Price/Stock"; Value = "https://www.arrow.com/en/products/1877285-4/te-connectivity?region=nac"; VariantName = "[No Variations]"
Add component (AddParameter): Name = "Datasheet Link"; Value = "https://www.te.com/commerce/DocumentDelivery/DDEController?Action=srchrtrv&DocNm=1877285&DocType=Customer%20Drawing&DocLang=English&PartCntxt=1877285-4&DocFormat=pdf"; VariantName = "[No Variations]"
Add component (AddParameter): Name = "Height"; Value = "12.5mm"; VariantName = "[No Variations]"
Add component (AddParameter): Name = "Manufacturer_Name"; Value = "TE Connectivity"; VariantName = "[No Variations]"
Add component (AddParameter): Name = "Manufacturer_Part_Number"; Value = "1877285-4"; VariantName = "[No Variations]"
Add component (AddParameter): Name = "Mouser Part Number"; Value = "571-1877285-4"; VariantName = "[No Variations]"
Add component (AddParameter): Name = "Mouser Price/Stock"; Value = "https://www.mouser.co.uk/ProductDetail/TE-Connectivity/1877285-4?qs=ka3zfMQDmFkZPBtotDIXvQ%3D%3D"; VariantName = "[No Variations]"
Add Pin To Net: Unknown Pin: Pin *1-1
Add Pin To Net: Unknown Pin: Pin *1-2
Add Pin To Net: Unknown Pin: Pin *2-1
Add Pin To Net: Unknown Pin: Pin *3-1
Add Pin To Net: Unknown Pin: Pin *3-2
Add Pin To Net: Unknown Pin: Pin *4-1
Add Pin To Net: Unknown Pin: Pin *4-2
Add Pin To Net: Unknown Pin: Pin *5-1
Add Pin To Net: Unknown Pin: Pin *5-2
Add Pin To Net: Unknown Pin: Pin *6-1
Add Pin To Net: Unknown Pin: Pin *6-2
Add Pin To Net: Unknown Pin: Pin *7-1
Add Pin To Net: Unknown Pin: Pin *7-2
Add Pin To Net: Unknown Pin: Pin *8-1
Add Pin To Net: Unknown Pin: Pin *8-2
Add Pin To Net: Unknown Pin: Pin *9-1
Add Pin To Net: Unknown Pin: Pin *9-2
Add Pin To Net: Unknown Pin: Pin F2-1
Add Pin To Net: Unknown Pin: Pin F2-2
Added Pin To Net: NetName=CAN P Pin=J11-1
Added Pin To Net: NetName=CAN L Pin=J11-2
Added Pin To Net: NetName=NetIC3_21 Pin=J12-1
Added Pin To Net: NetName=NetIC3_23 Pin=J12-2
Added Pin To Net: NetName=NetIC3_25 Pin=J12-3
Added Pin To Net: NetName=NetIC3_27 Pin=J12-4
Add Net: Net with name "HV+ BAT" already exists
Add Net: Net with name "SL_Ready" already exists
Add Differential Pair: Number of nets in differential pair NetD4_1 is 1 instead of 2
Add Differential Pair: Number of nets in differential pair NetD4_2 is 1 instead of 2
Add Class Member: Failed to add class member : Component *1 GENERIC RESISTOR 1206
Add Class Member: Failed to add class member : Component *2 GENERIC RESISTOR 1206
Add Class Member: Failed to add class member : Component *3 GENERIC RESISTOR 1206
Add Class Member: Failed to add class member : Component *4 GENERIC RESISTOR 1206
Add Class Member: Failed to add class member : Component *5 GENERIC RESISTOR 1206
Add Class Member: Failed to add class member : Component *6 GENERIC RESISTOR 1206
Add Class Member: Failed to add class member : Component *7 GENERIC RESISTOR 1206
Add Class Member: Failed to add class member : Component *8 GENERIC RESISTOR 1206
Add Class Member: Failed to add class member : Component *9 GENERIC RESISTOR 1206
Add Class Member: Failed to add class member : Component F2 0ADKP0500-RE
Added Member To Class: ClassName=Connectors Member=Component J11 1877285-2
Added Member To Class: ClassName=Connectors Member=Component J12 1877285-4
