Removed Member From Class: ClassName=VoltageSense Member=R?
Change Component Designator: OldDesignator=R1 NewDesignator=R24
Change Component Designator: OldDesignator=R2 NewDesignator=R25
Change Component Designator: OldDesignator=R3 NewDesignator=R26
Change Component Designator: OldDesignator=R4 NewDesignator=R27
Change Component Designator: OldDesignator=R5 NewDesignator=R28
Change Component Designator: OldDesignator=R6 NewDesignator=R29
Change Component Designator: OldDesignator=R? NewDesignator=R1
Change Component Designator: OldDesignator=R? NewDesignator=R2
Change Component Designator: OldDesignator=R? NewDesignator=R3
Change Component Designator: OldDesignator=R? NewDesignator=R4
Change Component Designator: OldDesignator=R? NewDesignator=R5
Change Component Designator: OldDesignator=R? NewDesignator=R6
Change Component Designator: OldDesignator=R? NewDesignator=R22
Change Component Designator: OldDesignator=R? NewDesignator=R23
Add component: Footprint Not Found GENERIC 1206
Add Pin To Net: Unknown Pin: Pin *9-1
Add Pin To Net: Unknown Pin: Pin *9-2
Change Net Name : Old Net Name=NetR3_1 New Net Name=NetR26_1
Change Net Name : Old Net Name=NetR?_1 New Net Name=NetR5_1
Add Net: Net with name "HV+ BAT" already exists
Added Pin To Net: NetName=NetR1_1 Pin=R1-1
Added Pin To Net: NetName=NetR1_1 Pin=R3-2
Added Net: Name=NetR1_1
Added Pin To Net: NetName=NetR2_1 Pin=R2-1
Added Pin To Net: NetName=NetR2_1 Pin=R4-2
Added Net: Name=NetR2_1
Added Pin To Net: NetName=NetR3_1 Pin=R3-1
Added Pin To Net: NetName=NetR3_1 Pin=R5-2
Added Net: Name=NetR3_1
Added Pin To Net: NetName=NetR4_1 Pin=R4-1
Added Pin To Net: NetName=NetR4_1 Pin=R6-2
Added Net: Name=NetR4_1
Added Pin To Net: NetName=NetR6_1 Pin=R6-1
Added Pin To Net: NetName=NetR6_1 Pin=R23-2
Added Net: Name=NetR6_1
Add Net: Net with name "SL_Ready" already exists
Add Differential Pair: Number of nets in differential pair CAN H is 1 instead of 2
Add Differential Pair: Number of nets in differential pair CAN L is 1 instead of 2
Add Class Member: Failed to add class member : Component *9 GENERIC RESISTOR 1206
Added Member To Class: ClassName=VoltageSense Member=Component R22 510k
Added Member To Class: ClassName=VoltageSense Member=Component R23 510k
Added Member To Class: ClassName=VoltageSense Member=Component R24 12.1k
Added Member To Class: ClassName=VoltageSense Member=Component R25 12.1k
Added Member To Class: ClassName=VoltageSense Member=Component R26 2k
Added Member To Class: ClassName=VoltageSense Member=Component R27 2k
Added Member To Class: ClassName=VoltageSense Member=Component R28 2k
Added Member To Class: ClassName=VoltageSense Member=Component R29 2k
