Removed Pin From Net: NetName=HV+ BAT Pin=R2-2
Change Component Comment : Designator=R21 Old Comment=SFR18EZPJ103 New Comment=10k
Add component: Footprint Not Found 0ADKP0500-RE
Added Component: Designator=R39(RESC3216X65N)
Add component (AddParameter): Name = "Arrow Part Number"; Value = ""; VariantName = "[No Variations]"
Add component (AddParameter): Name = "Arrow Price/Stock"; Value = ""; VariantName = "[No Variations]"
Add component (AddParameter): Name = "Datasheet Link"; Value = "https://fscdn.rohm.com/en/products/databook/datasheet/passive/resistor/chip_resistor/sfr-e.pdf"; VariantName = "[No Variations]"
Add component (AddParameter): Name = "Height"; Value = "0.65mm"; VariantName = "[No Variations]"
Add component (AddParameter): Name = "Manufacturer_Name"; Value = "ROHM Semiconductor"; VariantName = "[No Variations]"
Add component (AddParameter): Name = "Manufacturer_Part_Number"; Value = "SFR18EZPJ103"; VariantName = "[No Variations]"
Add component (AddParameter): Name = "Mouser Part Number"; Value = ""; VariantName = "[No Variations]"
Add component (AddParameter): Name = "Mouser Price/Stock"; Value = ""; VariantName = "[No Variations]"
Added Component: Designator=R40(RESC3116X65N)
Add component (AddParameter): Name = "Arrow Part Number"; Value = ""; VariantName = "[No Variations]"
Add component (AddParameter): Name = "Arrow Price/Stock"; Value = ""; VariantName = "[No Variations]"
Add component (AddParameter): Name = "Datasheet Link"; Value = "https://www.te.com/commerce/DocumentDelivery/DDEController?Action=srchrtrv&DocNm=9-1773463-8&DocType=Data%20Sheet&DocLang=English&PartCntxt=3-2176245-7&DocFormat=pdf"; VariantName = "[No Variations]"
Add component (AddParameter): Name = "Height"; Value = "0.65mm"; VariantName = "[No Variations]"
Add component (AddParameter): Name = "Manufacturer_Name"; Value = "TE Connectivity"; VariantName = "[No Variations]"
Add component (AddParameter): Name = "Manufacturer_Part_Number"; Value = "CRGS1206J1K0"; VariantName = "[No Variations]"
Add component (AddParameter): Name = "Mouser Part Number"; Value = "279-CRGS1206J1K0"; VariantName = "[No Variations]"
Add component (AddParameter): Name = "Mouser Price/Stock"; Value = "https://www.mouser.com/Search/Refine.aspx?Keyword=279-CRGS1206J1K0"; VariantName = "[No Variations]"
Add Pin To Net: Unknown Pin: Pin F3-1
Added Pin To Net: NetName=3.3V Pin=R39-2
Add Net: Net with name "HV+ BAT" already exists
Added Pin To Net: NetName=PC_Enable Pin=IC3-52
Added Pin To Net: NetName=PC_Enable Pin=R40-2
Added Net: Name=PC_Enable
Add Net: Net with name "PC_Enable" already exists
Add Class Member: Failed to add class member : Component F3 0ADKP0500-RE
Added Member To Class: ClassName=STM32 Member=Component R39 10k
Added Member To Class: ClassName=STM32 Member=Component R40 1k
