Change Physical Footprint: Designator=C1 Old Footprint=CAPC1608X90N New Footprint=CAPC1608X90N
Change Physical Footprint: Designator=C2 Old Footprint=CAPC1608X90N New Footprint=CAPC1608X90N
Change Physical Footprint: Designator=C3 Old Footprint=CAPC1608X90N New Footprint=CAPC1608X90N
Change Physical Footprint: Designator=C4 Old Footprint=CAPC1608X105N New Footprint=CAPC1608X105N
Change Physical Footprint: Designator=C5 Old Footprint=CAPC1608X90N New Footprint=CAPC1608X90N
Change Physical Footprint: Designator=C6 Old Footprint=CAPC1608X90N New Footprint=CAPC1608X90N
Change Physical Footprint: Designator=C7 Old Footprint=CAPC3216X94N New Footprint=CAPC3216X94N
Change Physical Footprint: Designator=C8 Old Footprint=CAPC3216X94N New Footprint=CAPC3216X94N
Change Physical Footprint: Designator=D1 Old Footprint=DIOM5426X300N New Footprint=DIOM5426X300N
Change Physical Footprint: Designator=F3 Old Footprint=FUSC13250X555N New Footprint=FUSC13250X555N
Change Physical Footprint: Designator=F4 Old Footprint=FUSC13250X555N New Footprint=FUSC13250X555N
Change Physical Footprint: Designator=F5 Old Footprint=0ADKP0500-RE New Footprint=0ADKP0500-RE
Change Physical Footprint: Designator=F6 Old Footprint=0ADKP0500-RE New Footprint=0ADKP0500-RE
Change Physical Footprint: Designator=F7 Old Footprint=0ADKP0500-RE New Footprint=0ADKP0500-RE
Change Physical Footprint: Designator=IC1 Old Footprint=SOIC127P1030X265-8N New Footprint=SOIC127P1030X265-8N
Change Physical Footprint: Designator=IC2 Old Footprint=SOIC127P600X175-8N New Footprint=SOIC127P600X175-8N
Change Physical Footprint: Designator=IC3 Old Footprint=SOIC127P600X175-8N New Footprint=SOIC127P600X175-8N
Change Physical Footprint: Designator=J1 Old Footprint=18772852 New Footprint=18772852
Change Physical Footprint: Designator=J2 Old Footprint=18772852 New Footprint=18772852
Change Physical Footprint: Designator=J3 Old Footprint=18772852 New Footprint=18772852
Change Physical Footprint: Designator=J4 Old Footprint=18772852 New Footprint=18772852
Change Physical Footprint: Designator=J5 Old Footprint=18772852 New Footprint=18772852
Change Physical Footprint: Designator=J6 Old Footprint=18772852 New Footprint=18772852
Change Physical Footprint: Designator=J7 Old Footprint=18772852 New Footprint=18772852
Change Physical Footprint: Designator=J8 Old Footprint=18772852 New Footprint=18772852
Change Physical Footprint: Designator=J9 Old Footprint=18772852 New Footprint=18772852
Change Physical Footprint: Designator=K1 Old Footprint=KT241A40LSMD New Footprint=KT241A40LSMD
Change Physical Footprint: Designator=R1 Old Footprint=RESC3216X75N New Footprint=RESC3216X75N
Change Physical Footprint: Designator=R2 Old Footprint=RESC3216X75N New Footprint=RESC3216X75N
Change Physical Footprint: Designator=R3 Old Footprint=RESC3216X75N New Footprint=RESC3216X75N
Change Physical Footprint: Designator=R4 Old Footprint=RESC3216X75N New Footprint=RESC3216X75N
Change Physical Footprint: Designator=R5 Old Footprint=RESC3216X75N New Footprint=RESC3216X75N
Change Physical Footprint: Designator=R6 Old Footprint=RESC3216X75N New Footprint=RESC3216X75N
Change Physical Footprint: Designator=R7 Old Footprint=RESC3216X75N New Footprint=RESC3216X75N
Change Physical Footprint: Designator=R8 Old Footprint=RESC3216X75N New Footprint=RESC3216X75N
Change Physical Footprint: Designator=R9 Old Footprint=ERJS08_U08_(1206) New Footprint=ERJS08_U08_(1206)
Change Physical Footprint: Designator=R10 Old Footprint=ERJS08_U08_(1206) New Footprint=ERJS08_U08_(1206)
Change Physical Footprint: Designator=R11 Old Footprint=RESC1608X55N New Footprint=RESC1608X55N
Change Physical Footprint: Designator=R12 Old Footprint=RESC1608X55N New Footprint=RESC1608X55N
Change Physical Footprint: Designator=R13 Old Footprint=RESC1608X55N New Footprint=RESC1608X55N
Change Physical Footprint: Designator=R14 Old Footprint=RESC1608X55N New Footprint=RESC1608X55N
Change Physical Footprint: Designator=R15 Old Footprint=RES_TWM10_OHM New Footprint=RES_TWM10_OHM
Change Physical Footprint: Designator=R16 Old Footprint=RES_TWM10_OHM New Footprint=RES_TWM10_OHM
