Removed Pin From Net: NetName=Precharge Relay GND Pin=J6-1
Removed Pin From Net: NetName=RTD_Sig Pin=J6-2
Removed Pin From Net: NetName=RTD_Sig Pin=J9-1
Removed Pin From Net: NetName=GND Pin=J9-2
Added Component: Designator=J?(18772852)
Add component (AddParameter): Name = "Arrow Part Number"; Value = "1877285-2"; VariantName = "[No Variations]"
Add component (AddParameter): Name = "Arrow Price/Stock"; Value = "https://www.arrow.com/en/products/1877285-2/te-connectivity?region=europe"; VariantName = "[No Variations]"
Add component (AddParameter): Name = "Datasheet Link"; Value = "https://www.te.com/commerce/DocumentDelivery/DDEController?Action=srchrtrv&DocNm=7-1773458-5_ECONOMY_POWER_QRG&DocType=Data%20Sheet&DocLang=English&PartCntxt=1877285-2&DocFormat=pdf"; VariantName = "[No Variations]"
Add component (AddParameter): Name = "Height"; Value = "12mm"; VariantName = "[No Variations]"
Add component (AddParameter): Name = "Manufacturer_Name"; Value = "TE Connectivity"; VariantName = "[No Variations]"
Add component (AddParameter): Name = "Manufacturer_Part_Number"; Value = "1877285-2"; VariantName = "[No Variations]"
Add component (AddParameter): Name = "Mouser Part Number"; Value = "571-1877285-2"; VariantName = "[No Variations]"
Add component (AddParameter): Name = "Mouser Price/Stock"; Value = "https://www.mouser.co.uk/ProductDetail/TE-Connectivity/1877285-2?qs=ka3zfMQDmFlAIZq5pDt5JA%3D%3D"; VariantName = "[No Variations]"
Added Component: Designator=J?(39-28-1023)
Add component (AddParameter): Name = "Arrow Part Number"; Value = "39-28-1023"; VariantName = "[No Variations]"
Add component (AddParameter): Name = "Arrow Price/Stock"; Value = "https://www.arrow.com/en/products/39-28-1023/molex?region=nac"; VariantName = "[No Variations]"
Add component (AddParameter): Name = "Datasheet Link"; Value = "https://www.molex.com/pdm_docs/sd/039281023_sd.pdf"; VariantName = "[No Variations]"
Add component (AddParameter): Name = "Height"; Value = "12.8mm"; VariantName = "[No Variations]"
Add component (AddParameter): Name = "Manufacturer_Name"; Value = "Molex"; VariantName = "[No Variations]"
Add component (AddParameter): Name = "Manufacturer_Part_Number"; Value = "39-28-1023"; VariantName = "[No Variations]"
Add component (AddParameter): Name = "Mouser Part Number"; Value = "538-39-28-1023"; VariantName = "[No Variations]"
Add component (AddParameter): Name = "Mouser Price/Stock"; Value = "https://www.mouser.co.uk/ProductDetail/Molex/39-28-1023?qs=LQQHZ4xw2XBykFU0jRHvlQ%3D%3D"; VariantName = "[No Variations]"
Added Pin To Net: NetName=Precharge Relay GND Pin=J?-1
Added Pin To Net: NetName=RTD_Sig Pin=J?-1
Added Pin To Net: NetName=GND Pin=J?-2
Added Pin To Net: NetName=RTD_Sig Pin=J?-2
Added Member To Class: ClassName=Connectors Member=Component J4 39-28-1023
Added Member To Class: ClassName=Connectors Member=Component J5 39-28-1023
Added Member To Class: ClassName=Connectors Member=Component J7 39-28-1023
Added Member To Class: ClassName=Connectors Member=Component J8 39-28-1023
Added Member To Class: ClassName=Connectors Member=Component J? 1877285-2
Added Member To Class: ClassName=Connectors Member=Component J? 39-28-1023
