Change Component Designator: OldDesignator=J1 NewDesignator=J4
Change Component Designator: OldDesignator=J2 NewDesignator=J5
Change Component Designator: OldDesignator=J3 NewDesignator=J6
Change Component Designator: OldDesignator=J4 NewDesignator=J7
Change Component Designator: OldDesignator=J5 NewDesignator=J8
Change Component Designator: OldDesignator=J6 NewDesignator=J2
Change Component Designator: OldDesignator=J7 NewDesignator=J3
Change Component Designator: OldDesignator=J8 NewDesignator=J9
Change Component Designator: OldDesignator=J9 NewDesignator=J10
Added Component: Designator=J1(39-28-1023)
Add component (AddParameter): Name = "Arrow Part Number"; Value = "39-28-1023"; VariantName = "[No Variations]"
Add component (AddParameter): Name = "Arrow Price/Stock"; Value = "https://www.arrow.com/en/products/39-28-1023/molex?region=nac"; VariantName = "[No Variations]"
Add component (AddParameter): Name = "Datasheet Link"; Value = "https://www.molex.com/pdm_docs/sd/039281023_sd.pdf"; VariantName = "[No Variations]"
Add component (AddParameter): Name = "Height"; Value = "12.8mm"; VariantName = "[No Variations]"
Add component (AddParameter): Name = "Manufacturer_Name"; Value = "Molex"; VariantName = "[No Variations]"
Add component (AddParameter): Name = "Manufacturer_Part_Number"; Value = "39-28-1023"; VariantName = "[No Variations]"
Add component (AddParameter): Name = "Mouser Part Number"; Value = "538-39-28-1023"; VariantName = "[No Variations]"
Add component (AddParameter): Name = "Mouser Price/Stock"; Value = "https://www.mouser.co.uk/ProductDetail/Molex/39-28-1023?qs=LQQHZ4xw2XBykFU0jRHvlQ%3D%3D"; VariantName = "[No Variations]"
Added Pin To Net: NetName=3.3V Pin=J1-1
Added Pin To Net: NetName=GND Pin=J1-2
Added Member To Class: ClassName=Connectors Member=Component J10 39-28-1023
