Removed Pin From Net: NetName=GND Pin=IC1-1
Removed Pin From Net: NetName=3.3V Pin=IC1-2
Removed Pin From Net: NetName=3.3V Pin=IC1-3
Removed Pin From Net: NetName=GND Pin=IC1-4
Removed Pin From Net: NetName=HV- Pin=IC1-5
Removed Pin From Net: NetName=HV- Pin=IC1-6
Removed Pin From Net: NetName=3.3V (High Side) Pin=IC1-7
Removed Pin From Net: NetName=HV- Pin=IC1-8
Change Component Description : Designator=IC1 Old Description= New Description=Integrated Circuit
Change Component Library : Designator=C1 Old Library=* New Library=SamacSys.SchLib
Change Component Library : Designator=C2 Old Library=* New Library=SamacSys.SchLib
Change Component Library : Designator=C3 Old Library=* New Library=SamacSys.SchLib
Change Component Library : Designator=C4 Old Library=* New Library=SamacSys.SchLib
Change component parameters: Designator = "IC1" ("IC1"); Footprint = "SOIC127P1030X265-8N"; UniqueID = "\ZOFTFLSL\JZAAGWHH" ("\ZOFTFLSL\JZAAGWHH")
Change component parameters (AddParameter): Name = "Arrow Part Number"; Value = ""; VariantName = "[No Variations]"
Change component parameters (AddParameter): Name = "Arrow Price/Stock"; Value = ""; VariantName = "[No Variations]"
Change component parameters (AddParameter): Name = "Datasheet Link"; Value = "https://www.monolithicpower.com/en/documentview/productdocument/index/version/2/document_type/Datasheet/lang/en/sku/MIE05W0505BGYE/document_id/11798/"; VariantName = "[No Variations]"
Change component parameters (AddParameter): Name = "Height"; Value = "2.65mm"; VariantName = "[No Variations]"
Change component parameters (AddParameter): Name = "Manufacturer_Name"; Value = "Monolithic Power Systems (MPS)"; VariantName = "[No Variations]"
Change component parameters (AddParameter): Name = "Manufacturer_Part_Number"; Value = "MIE05W0505BGYE-3R-Z"; VariantName = "[No Variations]"
Change component parameters (AddParameter): Name = "Mouser Part Number"; Value = ""; VariantName = "[No Variations]"
Change component parameters (AddParameter): Name = "Mouser Price/Stock"; Value = ""; VariantName = "[No Variations]"
Added Component: Designator=J?(39-28-1023)
Add component (AddParameter): Name = "Arrow Part Number"; Value = "39-28-1023"; VariantName = "[No Variations]"
Add component (AddParameter): Name = "Arrow Price/Stock"; Value = "https://www.arrow.com/en/products/39-28-1023/molex?region=nac"; VariantName = "[No Variations]"
Add component (AddParameter): Name = "Datasheet Link"; Value = "https://www.molex.com/pdm_docs/sd/039281023_sd.pdf"; VariantName = "[No Variations]"
Add component (AddParameter): Name = "Height"; Value = "12.8mm"; VariantName = "[No Variations]"
Add component (AddParameter): Name = "Manufacturer_Name"; Value = "Molex"; VariantName = "[No Variations]"
Add component (AddParameter): Name = "Manufacturer_Part_Number"; Value = "39-28-1023"; VariantName = "[No Variations]"
Add component (AddParameter): Name = "Mouser Part Number"; Value = "538-39-28-1023"; VariantName = "[No Variations]"
Add component (AddParameter): Name = "Mouser Price/Stock"; Value = "https://www.mouser.co.uk/ProductDetail/Molex/39-28-1023?qs=LQQHZ4xw2XBykFU0jRHvlQ%3D%3D"; VariantName = "[No Variations]"
Added Member To Class: ClassName=Connectors Member=Component J? 39-28-1023
