Removed Pin From Net: NetName=3.3V Pin=3.3V-2
Removed Pin From Net: NetName=24V Pin=24V-2
Removed Pin From Net: NetName=3.3V Pin=C3-1
Removed Pin From Net: NetName=GND Pin=C3-2
Removed Pin From Net: NetName=3.3V Pin=C4-1
Removed Pin From Net: NetName=GND Pin=C4-2
Removed Pin From Net: NetName=3.3V Pin=C5-1
Removed Pin From Net: NetName=GND Pin=C5-2
Removed Pin From Net: NetName=3.3V Pin=C6-1
Removed Pin From Net: NetName=GND Pin=C6-2
Removed Pin From Net: NetName=3.3V Pin=C7-1
Removed Pin From Net: NetName=GND Pin=C7-2
Removed Pin From Net: NetName=3.3V Pin=C8-1
Removed Pin From Net: NetName=GND Pin=C8-2
Removed Pin From Net: NetName=3.3V Pin=C9-1
Removed Pin From Net: NetName=GND Pin=C9-2
Removed Pin From Net: NetName=3.3V Pin=C10-1
Removed Pin From Net: NetName=GND Pin=C10-2
Removed Pin From Net: NetName=3.3V Pin=C11-1
Removed Pin From Net: NetName=GND Pin=C11-2
Removed Pin From Net: NetName=3.3V Pin=C12-1
Removed Pin From Net: NetName=GND Pin=C12-2
Removed Pin From Net: NetName=3.3V Pin=C13-1
Removed Pin From Net: NetName=GND Pin=C13-2
Removed Pin From Net: NetName=3.3V Pin=C14-1
Removed Pin From Net: NetName=GND Pin=C14-2
Removed Pin From Net: NetName=3.3V Pin=C15-1
Removed Pin From Net: NetName=GND Pin=C15-2
Removed Pin From Net: NetName=3.3V Pin=C16-1
Removed Pin From Net: NetName=GND Pin=C16-2
Removed Pin From Net: NetName=3.3V Pin=C17-1
Removed Pin From Net: NetName=GND Pin=C17-2
Removed Pin From Net: NetName=3.3V Pin=C18-1
Removed Pin From Net: NetName=GND Pin=C18-2
Removed Pin From Net: NetName=3.3V Pin=C19-1
Removed Pin From Net: NetName=GND Pin=C19-2
Removed Pin From Net: NetName=3.3V Pin=C20-1
Removed Pin From Net: NetName=GND Pin=C20-2
Removed Pin From Net: NetName=GND Pin=C21-2
Removed Pin From Net: NetName=GND Pin=C22-2
Removed Pin From Net: NetName=GND Pin=C23-2
Removed Pin From Net: NetName=24V Pin=C25-1
Removed Pin From Net: NetName=GND Pin=C25-2
Removed Pin From Net: NetName=24V Pin=C26-1
Removed Pin From Net: NetName=GND Pin=C26-2
Removed Pin From Net: NetName=3.3V Pin=C27-1
Removed Pin From Net: NetName=GND Pin=C27-2
Removed Pin From Net: NetName=3.3V Pin=C28-1
Removed Pin From Net: NetName=GND Pin=C28-2
Removed Pin From Net: NetName=GND Pin=C33-2
Removed Pin From Net: NetName=3.3V Pin=C34-1
Removed Pin From Net: NetName=GND Pin=C34-2
Removed Pin From Net: NetName=GND Pin=C35-2
Removed Pin From Net: NetName=GND Pin=C36-2
Removed Pin From Net: NetName=GND Pin=C37-2
Removed Pin From Net: NetName=24V Unfused Pin=C38-1
Removed Pin From Net: NetName=GND Pin=C38-2
Removed Pin From Net: NetName=SL_Ready Pin=D1-1
Removed Pin From Net: NetName=+ Relay GND Pin=D1-2
Removed Pin From Net: NetName=SL_Ready Pin=D2-1
Removed Pin From Net: NetName=- Relay GND Pin=D2-2
Removed Pin From Net: NetName=SL_Ready Pin=D3-1
Removed Pin From Net: NetName=GND Pin=D4-3
Removed Pin From Net: NetName=GND Pin=D5-1
Removed Pin From Net: NetName=GND Pin=D5-2
Removed Pin From Net: NetName=3.3V Pin=IC3-1
Removed Pin From Net: NetName=GND Pin=IC3-12
Removed Pin From Net: NetName=3.3V Pin=IC3-13
Removed Pin From Net: NetName=GND Pin=IC3-18
Removed Pin From Net: NetName=3.3V Pin=IC3-19
Removed Pin From Net: NetName=3.3V Pin=IC3-32
Removed Pin From Net: NetName=+ Signal Pin=IC3-33
Removed Pin From Net: NetName=3.3V Pin=IC3-48
Removed Pin From Net: NetName=GND Pin=IC3-63
Removed Pin From Net: NetName=3.3V Pin=IC3-64
Removed Pin From Net: NetName=GND Pin=IC4_--2
Removed Pin From Net: NetName=GND Pin=IC4_HB-2
Removed Pin From Net: NetName=GND Pin=IC4_PC-2
Removed Pin From Net: NetName=SL_Ready Pin=IC4_SLR-1
Removed Pin From Net: NetName=GND Pin=IC4_SLR-2
Removed Pin From Net: NetName=24V Unfused Pin=IC5-1
Removed Pin From Net: NetName=24V Unfused Pin=IC5-2
Removed Pin From Net: NetName=GND Pin=IC5-6
Removed Pin From Net: NetName=GND Pin=IC5-8
Removed Pin From Net: NetName=GND Pin=IC5-9
Removed Pin From Net: NetName=24V Pin=IC5-15
Removed Pin From Net: NetName=24V Pin=IC5-16
Removed Pin From Net: NetName=GND Pin=IC5-17
Removed Pin From Net: NetName=24V Pin=IC6-2
Removed Pin From Net: NetName=GND Pin=IC6-7
Removed Pin From Net: NetName=GND Pin=IC6-9
Removed Pin From Net: NetName=GND Pin=IC8-2
Removed Pin From Net: NetName=3.3V Pin=IC8-3
Removed Pin From Net: NetName=GND Pin=IC9-2
Removed Pin From Net: NetName=SL_Ready Pin=J12-1
Removed Pin From Net: NetName=SL_Ready Pin=K1-3
Removed Pin From Net: NetName=3.3V Pin=L1-2
Removed Pin From Net: NetName=24V Pin=LED_--2
Removed Pin From Net: NetName=24V Pin=LED_HB-2
Removed Pin From Net: NetName=24V Pin=LED_PC-2
Removed Pin From Net: NetName=24V Pin=LED_SLR-2
Removed Pin From Net: NetName=+ Signal Pin=M1-1
Removed Pin From Net: NetName=GND Pin=M1-2
Removed Pin From Net: NetName=+ Relay GND Pin=M1-3
Removed Pin From Net: NetName=GND Pin=M2-2
Removed Pin From Net: NetName=- Relay GND Pin=M2-3
Removed Pin From Net: NetName=GND Pin=M3-2
Removed Pin From Net: NetName=Precharge Relay GND Pin=M3-3
Removed Pin From Net: NetName=24V Pin=PC FAIL-2
Removed Pin From Net: NetName=SDA Pin=R7-1
Removed Pin From Net: NetName=SCL Pin=R8-1
Removed Pin From Net: NetName=3.3V Pin=R15-1
Removed Pin From Net: NetName=GND Pin=R17-2
Removed Pin From Net: NetName=GND Pin=R18-2
Removed Pin From Net: NetName=3.3V Pin=R21-2
Removed Pin From Net: NetName=24V Pin=R30-1
Removed Pin From Net: NetName=24V Unfused Pin=R31-1
Removed Pin From Net: NetName=GND Pin=R32-2
Removed Pin From Net: NetName=GND Pin=R33-2
Removed Pin From Net: NetName=GND Pin=R35-2
Removed Pin From Net: NetName=GND Pin=R36-2
Removed Pin From Net: NetName=GND Pin=R37-2
Removed Pin From Net: NetName=GND Pin=R38-2
Removed Pin From Net: NetName=3.3V Pin=R39-2
Removed Pin From Net: NetName=+ Signal Pin=R42-1
Removed Pin From Net: NetName=GND Pin=R42-2
Removed Pin From Net: NetName=GND Pin=R43-2
Removed Pin From Net: NetName=GND Pin=R44-2
Removed Pin From Net: NetName=GND Pin=S1-2
Removed Pin From Net: NetName=GND Pin=S1-4
Removed Member From Class: ClassName=Relay Controller Member=D1
Removed Member From Class: ClassName=Relay Controller Member=D2
Removed Member From Class: ClassName=Connectors Member=J11
Removed Member From Class: ClassName=Relay Controller Member=M1
Removed Member From Class: ClassName=Relay Controller Member=M2
Removed Member From Class: ClassName=Relay Controller Member=M3
Removed Member From Class: ClassName=Relay Controller Member=R42
Removed Member From Class: ClassName=Relay Controller Member=R43
Removed Member From Class: ClassName=Relay Controller Member=R44
Change Component Designator: OldDesignator=IC4_+ NewDesignator=IC4
Change Component Designator: OldDesignator=LED_+ NewDesignator=LED
Change Component Designator: OldDesignator=R14_+ NewDesignator=R14
Change Net Name : Old Net Name=NetIC4_+_3 New Net Name=NetIC4_3
Change Net Name : Old Net Name=NetLED_+_1 New Net Name=NetLED_1
Added Pin To Net: NetName=NetJ2_4 Pin=J2-4
Added Net: Name=NetJ2_4
Added Pin To Net: NetName=NetJ9_4 Pin=J9-4
Added Net: Name=NetJ9_4
Added Pin To Net: NetName=NetJ9_6 Pin=J9-6
Added Net: Name=NetJ9_6
Added Pin To Net: NetName=NetJ9_8 Pin=J9-8
Added Net: Name=NetJ9_8
Added Pin To Net: NetName=NetJ9_12 Pin=J9-12
Added Net: Name=NetJ9_12
Added Pin To Net: NetName=RTD_Sig Pin=D3-1
Added Pin To Net: NetName=RTD_Sig Pin=J12-1
Added Pin To Net: NetName=RTD_Sig Pin=K1-3
Added Net: Name=RTD_Sig
