Replace Part C5 CL10A106KQ8NNNL in C:\Users\blew2\Documents\GitHub\PROVE_Relay_Controller\Relay Controller REV5\VoltageSense.SchDoc with CL10A106KQ8NNNL from SamacSys.SchLib
Replace Part C6 06035C104J4Z2A in C:\Users\blew2\Documents\GitHub\PROVE_Relay_Controller\Relay Controller REV5\VoltageSense.SchDoc with 06035C104J4Z2A from SamacSys.SchLib
Replace Part C7 12065C104J4Z2A in C:\Users\blew2\Documents\GitHub\PROVE_Relay_Controller\Relay Controller REV5\VoltageSense.SchDoc with 12065C104J4Z2A from SamacSys.SchLib
Replace Part C8 12065C104J4Z2A in C:\Users\blew2\Documents\GitHub\PROVE_Relay_Controller\Relay Controller REV5\VoltageSense.SchDoc with 12065C104J4Z2A from SamacSys.SchLib
Replace Part F5 0ADKP0500-RE in C:\Users\blew2\Documents\GitHub\PROVE_Relay_Controller\Relay Controller REV5\VoltageSense.SchDoc with 0ADKP0500-RE from SamacSys.SchLib
Replace Part F6 0ADKP0500-RE in C:\Users\blew2\Documents\GitHub\PROVE_Relay_Controller\Relay Controller REV5\VoltageSense.SchDoc with 0ADKP0500-RE from SamacSys.SchLib
Replace Part F7 0ADKP0500-RE in C:\Users\blew2\Documents\GitHub\PROVE_Relay_Controller\Relay Controller REV5\VoltageSense.SchDoc with 0ADKP0500-RE from SamacSys.SchLib
Replace Part IC2 MCP3422A1T-E_SN in C:\Users\blew2\Documents\GitHub\PROVE_Relay_Controller\Relay Controller REV5\VoltageSense.SchDoc with MCP3422A1T-E_SN from SamacSys.SchLib
Replace Part R1 CR1206-FX-5103ELF in C:\Users\blew2\Documents\GitHub\PROVE_Relay_Controller\Relay Controller REV5\VoltageSense.SchDoc with CR1206-FX-5103ELF from SamacSys.SchLib
Replace Part R2 CR1206-FX-5103ELF in C:\Users\blew2\Documents\GitHub\PROVE_Relay_Controller\Relay Controller REV5\VoltageSense.SchDoc with CR1206-FX-5103ELF from SamacSys.SchLib
Replace Part R3 CR1206-FX-5103ELF in C:\Users\blew2\Documents\GitHub\PROVE_Relay_Controller\Relay Controller REV5\VoltageSense.SchDoc with CR1206-FX-5103ELF from SamacSys.SchLib
Replace Part R4 CR1206-FX-5103ELF in C:\Users\blew2\Documents\GitHub\PROVE_Relay_Controller\Relay Controller REV5\VoltageSense.SchDoc with CR1206-FX-5103ELF from SamacSys.SchLib
Replace Part R5 CR1206-FX-5103ELF in C:\Users\blew2\Documents\GitHub\PROVE_Relay_Controller\Relay Controller REV5\VoltageSense.SchDoc with CR1206-FX-5103ELF from SamacSys.SchLib
Replace Part R6 CR1206-FX-5103ELF in C:\Users\blew2\Documents\GitHub\PROVE_Relay_Controller\Relay Controller REV5\VoltageSense.SchDoc with CR1206-FX-5103ELF from SamacSys.SchLib
Replace Part R7 CR1206-FX-5103ELF in C:\Users\blew2\Documents\GitHub\PROVE_Relay_Controller\Relay Controller REV5\VoltageSense.SchDoc with CR1206-FX-5103ELF from SamacSys.SchLib
Replace Part R8 CR1206-FX-5103ELF in C:\Users\blew2\Documents\GitHub\PROVE_Relay_Controller\Relay Controller REV5\VoltageSense.SchDoc with CR1206-FX-5103ELF from SamacSys.SchLib
Replace Part R9 ERJ-S08F1212V in C:\Users\blew2\Documents\GitHub\PROVE_Relay_Controller\Relay Controller REV5\VoltageSense.SchDoc with ERJ-S08F1212V from SamacSys.SchLib
Replace Part R10 ERJ-S08F1212V in C:\Users\blew2\Documents\GitHub\PROVE_Relay_Controller\Relay Controller REV5\VoltageSense.SchDoc with ERJ-S08F1212V from SamacSys.SchLib
Replace Part R11 CRGCQ0603F10K in C:\Users\blew2\Documents\GitHub\PROVE_Relay_Controller\Relay Controller REV5\VoltageSense.SchDoc with CRGCQ0603F10K from SamacSys.SchLib
Replace Part R12 CRGCQ0603F10K in C:\Users\blew2\Documents\GitHub\PROVE_Relay_Controller\Relay Controller REV5\VoltageSense.SchDoc with CRGCQ0603F10K from SamacSys.SchLib
Replace Part R13 CRGCQ0603F10K in C:\Users\blew2\Documents\GitHub\PROVE_Relay_Controller\Relay Controller REV5\VoltageSense.SchDoc with CRGCQ0603F10K from SamacSys.SchLib
Replace Part R14 CRGCQ0603F10K in C:\Users\blew2\Documents\GitHub\PROVE_Relay_Controller\Relay Controller REV5\VoltageSense.SchDoc with CRGCQ0603F10K from SamacSys.SchLib
